SQL> select employee_id, last_name, salary, job_id, department_id
  2  from employees
  3  where salary between 10000 and 12000
  4  or job_id like '%A%'
  5  or department_id in (10,20,100)
  6  and salary <= 10000
  7  or last_name between 'Ab' and 'Ki'
  8  ;

EMPLOYEE_ID LAST_NAME                     SALARY JOB_ID     DEPARTMENT_ID       
----------- ------------------------- ---------- ---------- -------------       
        200 Whalen                          4400 AD_ASST               10       
        201 Hartstein                      13000 MK_MAN                20       
        202 Fay                             6000 MK_REP                20       
        205 Higgins                        12000 AC_MGR               110       
        206 Gietz                           8300 AC_ACCOUNT           110       
        100 King                           24000 AD_PRES               90       
        101 Kochhar                        17000 AD_VP                 90       
        102 De Haan                        17000 AD_VP                 90       
        103 Hunold                          9000 IT_PROG               60       
        104 Ernst                           6000 IT_PROG               60       
        124 Mourgos                         5800 ST_MAN                50       

EMPLOYEE_ID LAST_NAME                     SALARY JOB_ID     DEPARTMENT_ID       
----------- ------------------------- ---------- ---------- -------------       
        142 Davies                          3100 ST_CLERK              50       
        149 Zlotkey                        10500 SA_MAN                80       
        174 Abel                           11000 SA_REP                80       
        176 Taylor                          8600 SA_REP                80       
        178 Grant                           7000 SA_REP                         

16 rows selected.

SQL> select employee_id, last_name, salary, job_id, department_id, rownum from employess;
select employee_id, last_name, salary, job_id, department_id, rownum from employess
                                                                          *
ERROR at line 1:
ORA-00942: table or view does not exist 


SQL> select employee_id, last_name, salary, job_id, department_id, rownum from employees;

EMPLOYEE_ID LAST_NAME                     SALARY JOB_ID     DEPARTMENT_ID       
----------- ------------------------- ---------- ---------- -------------       
    ROWNUM                                                                      
----------                                                                      
        200 Whalen                          4400 AD_ASST               10       
         1                                                                      
                                                                                
        201 Hartstein                      13000 MK_MAN                20       
         2                                                                      
                                                                                
        202 Fay                             6000 MK_REP                20       
         3                                                                      
                                                                                

EMPLOYEE_ID LAST_NAME                     SALARY JOB_ID     DEPARTMENT_ID       
----------- ------------------------- ---------- ---------- -------------       
    ROWNUM                                                                      
----------                                                                      
        205 Higgins                        12000 AC_MGR               110       
         4                                                                      
                                                                                
        206 Gietz                           8300 AC_ACCOUNT           110       
         5                                                                      
                                                                                
        100 King                           24000 AD_PRES               90       
         6                                                                      
                                                                                

EMPLOYEE_ID LAST_NAME                     SALARY JOB_ID     DEPARTMENT_ID       
----------- ------------------------- ---------- ---------- -------------       
    ROWNUM                                                                      
----------                                                                      
        101 Kochhar                        17000 AD_VP                 90       
         7                                                                      
                                                                                
        102 De Haan                        17000 AD_VP                 90       
         8                                                                      
                                                                                
        103 Hunold                          9000 IT_PROG               60       
         9                                                                      
                                                                                

EMPLOYEE_ID LAST_NAME                     SALARY JOB_ID     DEPARTMENT_ID       
----------- ------------------------- ---------- ---------- -------------       
    ROWNUM                                                                      
----------                                                                      
        104 Ernst                           6000 IT_PROG               60       
        10                                                                      
                                                                                
        107 Lorentz                         4200 IT_PROG               60       
        11                                                                      
                                                                                
        124 Mourgos                         5800 ST_MAN                50       
        12                                                                      
                                                                                

EMPLOYEE_ID LAST_NAME                     SALARY JOB_ID     DEPARTMENT_ID       
----------- ------------------------- ---------- ---------- -------------       
    ROWNUM                                                                      
----------                                                                      
        141 Rajs                            3500 ST_CLERK              50       
        13                                                                      
                                                                                
        142 Davies                          3100 ST_CLERK              50       
        14                                                                      
                                                                                
        143 Matos                           2600 ST_CLERK              50       
        15                                                                      
                                                                                

EMPLOYEE_ID LAST_NAME                     SALARY JOB_ID     DEPARTMENT_ID       
----------- ------------------------- ---------- ---------- -------------       
    ROWNUM                                                                      
----------                                                                      
        144 Vargas                          2500 ST_CLERK              50       
        16                                                                      
                                                                                
        149 Zlotkey                        10500 SA_MAN                80       
        17                                                                      
                                                                                
        174 Abel                           11000 SA_REP                80       
        18                                                                      
                                                                                

EMPLOYEE_ID LAST_NAME                     SALARY JOB_ID     DEPARTMENT_ID       
----------- ------------------------- ---------- ---------- -------------       
    ROWNUM                                                                      
----------                                                                      
        176 Taylor                          8600 SA_REP                80       
        19                                                                      
                                                                                
        178 Grant                           7000 SA_REP                         
        20                                                                      
                                                                                

20 rows selected.

SQL> select employee_id, last_name, salary, job_id, department_id from employees;

EMPLOYEE_ID LAST_NAME                     SALARY JOB_ID     DEPARTMENT_ID       
----------- ------------------------- ---------- ---------- -------------       
        200 Whalen                          4400 AD_ASST               10       
        201 Hartstein                      13000 MK_MAN                20       
        202 Fay                             6000 MK_REP                20       
        205 Higgins                        12000 AC_MGR               110       
        206 Gietz                           8300 AC_ACCOUNT           110       
        100 King                           24000 AD_PRES               90       
        101 Kochhar                        17000 AD_VP                 90       
        102 De Haan                        17000 AD_VP                 90       
        103 Hunold                          9000 IT_PROG               60       
        104 Ernst                           6000 IT_PROG               60       
        107 Lorentz                         4200 IT_PROG               60       

EMPLOYEE_ID LAST_NAME                     SALARY JOB_ID     DEPARTMENT_ID       
----------- ------------------------- ---------- ---------- -------------       
        124 Mourgos                         5800 ST_MAN                50       
        141 Rajs                            3500 ST_CLERK              50       
        142 Davies                          3100 ST_CLERK              50       
        143 Matos                           2600 ST_CLERK              50       
        144 Vargas                          2500 ST_CLERK              50       
        149 Zlotkey                        10500 SA_MAN                80       
        174 Abel                           11000 SA_REP                80       
        176 Taylor                          8600 SA_REP                80       
        178 Grant                           7000 SA_REP                         

20 rows selected.

SQL> spool off
