SQL> show user
USER is "HR"
SQL> select employee_id from osqln01.employees;
select employee_id from osqln01.employees
                                *
ERROR at line 1:
ORA-00942: table or view does not exist 


SQL> select employee_id from osqln01.employees;
select employee_id from osqln01.employees
                                *
ERROR at line 1:
ORA-01031: insufficient privileges 


SQL> select * from emp_vu;
select * from emp_vu
              *
ERROR at line 1:
ORA-00942: table or view does not exist 


SQL> select * from emp_vu;
select * from emp_vu
              *
ERROR at line 1:
ORA-00942: table or view does not exist 


SQL> select * from osqln01,emp_vu;
select * from osqln01,emp_vu
                      *
ERROR at line 1:
ORA-00942: table or view does not exist 


SQL> select * from osqln01.emp_vu;

EMPLOYEE_ID LAST_NAME                                                           
----------- -------------------------                                           
        174 Abel                                                                
        142 Davies                                                              
        102 De Haan                                                             
        104 Ernst                                                               
        202 Fay                                                                 
        206 Gietz                                                               
        178 Grant                                                               
        201 Hartstein                                                           
        205 Higgins                                                             
        103 Hunold                                                              
        100 King                                                                

EMPLOYEE_ID LAST_NAME                                                           
----------- -------------------------                                           
        101 Kochhar                                                             
        107 Lorentz                                                             
        143 Matos                                                               
        124 Mourgos                                                             
        141 Rajs                                                                
        176 Taylor                                                              
        144 Vargas                                                              
        200 Whalen                                                              
        149 Zlotkey                                                             

20 rows selected.

SQL> -- on osqln01 > create view emp_vu / grant select on emp_vu to hr;
SQL> desc user_tab_privs_recd -- user_table_privilege_recieved
Usage: DESCRIBE [schema.]object[@db_link]
SQL> ;
  1* select * from osqln01.emp_vu
SQL> desc user_tab_privs_recd
 Name                                      Null?    Type
 ----------------------------------------- -------- ----------------------------
 OWNER                                     NOT NULL VARCHAR2(30)
 TABLE_NAME                                NOT NULL VARCHAR2(30)
 GRANTOR                                   NOT NULL VARCHAR2(30)
 PRIVILEGE                                 NOT NULL VARCHAR2(40)
 GRANTABLE                                          VARCHAR2(3)
 HIERARCHY                                          VARCHAR2(3)

SQL> -- user_table_privilege_received
SQL> select * from user_tab_privs_recd;

OWNER                          TABLE_NAME                                       
------------------------------ ------------------------------                   
GRANTOR                        PRIVILEGE                                GRA HIE 
------------------------------ ---------------------------------------- --- --- 
SYS                            DBMS_STATS                                       
SYS                            EXECUTE                                  NO  NO  
                                                                                
OSQLN01                        A1                                               
OSQLN01                        SELECT                                   NO  NO  
                                                                                
OSQLN01                        EMP_VU                                           
OSQLN01                        SELECT                                   NO  NO  
                                                                                

SQL> -- table "emp_vu" owner osqln01, privilege "select" received from osqln01
SQL> desc user_col_privs_recd
 Name                                      Null?    Type
 ----------------------------------------- -------- ----------------------------
 OWNER                                     NOT NULL VARCHAR2(30)
 TABLE_NAME                                NOT NULL VARCHAR2(30)
 COLUMN_NAME                               NOT NULL VARCHAR2(30)
 GRANTOR                                   NOT NULL VARCHAR2(30)
 PRIVILEGE                                 NOT NULL VARCHAR2(40)
 GRANTABLE                                          VARCHAR2(3)

SQL> -- user column privilege received
SQL> select * from user_col_prives_recd
  2  ;
select * from user_col_prives_recd
              *
ERROR at line 1:
ORA-00942: table or view does not exist 


SQL> ;
  1  select * from user_col_prives_recd
  2* 
SQL> edit
Wrote file afiedt.buf

  1* select * from user_col_privs_recd
SQL> /

OWNER                          TABLE_NAME                                       
------------------------------ ------------------------------                   
COLUMN_NAME                    GRANTOR                                          
------------------------------ ------------------------------                   
PRIVILEGE                                GRA                                    
---------------------------------------- ---                                    
OSQLN01                        EMPLOYEES                                        
EMPLOYEE_ID                    OSQLN01                                          
UPDATE                                   NO                                     
                                                                                
OSQLN01                        EMPLOYEES                                        
LAST_NAME                      OSQLN01                                          
UPDATE                                   NO                                     

OWNER                          TABLE_NAME                                       
------------------------------ ------------------------------                   
COLUMN_NAME                    GRANTOR                                          
------------------------------ ------------------------------                   
PRIVILEGE                                GRA                                    
---------------------------------------- ---                                    
                                                                                

SQL> -- hr received SELECT from scott and GRA (with grant option) = YES
SQL> select * from user_tab_privs_recd
  2  ;

OWNER                          TABLE_NAME                                       
------------------------------ ------------------------------                   
GRANTOR                        PRIVILEGE                                GRA HIE 
------------------------------ ---------------------------------------- --- --- 
SYS                            DBMS_STATS                                       
SYS                            EXECUTE                                  NO  NO  
                                                                                
OSQLN01                        A1                                               
OSQLN01                        SELECT                                   NO  NO  
                                                                                
OSQLN01                        EMP_VU                                           
OSQLN01                        SELECT                                   NO  NO  
                                                                                

OWNER                          TABLE_NAME                                       
------------------------------ ------------------------------                   
GRANTOR                        PRIVILEGE                                GRA HIE 
------------------------------ ---------------------------------------- --- --- 
OSQLN01                        EMPLOYEES                                        
SCOTT                          SELECT                                   YES NO  
                                                                                

SQL> -- note that owner and grantor of employees table are different user (osqln01 = owner / scott = grantor)
SQL> select * from user_tab_privs_made;

GRANTEE                        TABLE_NAME                                       
------------------------------ ------------------------------                   
GRANTOR                        PRIVILEGE                                GRA HIE 
------------------------------ ---------------------------------------- --- --- 
OE                             COUNTRIES                                        
HR                             SELECT                                   NO  NO  
                                                                                
OE                             COUNTRIES                                        
HR                             REFERENCES                               NO  NO  
                                                                                
OE                             LOCATIONS                                        
HR                             SELECT                                   NO  NO  
                                                                                

GRANTEE                        TABLE_NAME                                       
------------------------------ ------------------------------                   
GRANTOR                        PRIVILEGE                                GRA HIE 
------------------------------ ---------------------------------------- --- --- 
OE                             LOCATIONS                                        
HR                             REFERENCES                               NO  NO  
                                                                                
OE                             DEPARTMENTS                                      
HR                             SELECT                                   NO  NO  
                                                                                
OE                             JOBS                                             
HR                             SELECT                                   NO  NO  
                                                                                

GRANTEE                        TABLE_NAME                                       
------------------------------ ------------------------------                   
GRANTOR                        PRIVILEGE                                GRA HIE 
------------------------------ ---------------------------------------- --- --- 
OE                             EMPLOYEES                                        
HR                             SELECT                                   NO  NO  
                                                                                
OE                             EMPLOYEES                                        
HR                             REFERENCES                               NO  NO  
                                                                                
OE                             JOB_HISTORY                                      
HR                             SELECT                                   NO  NO  
                                                                                

GRANTEE                        TABLE_NAME                                       
------------------------------ ------------------------------                   
GRANTOR                        PRIVILEGE                                GRA HIE 
------------------------------ ---------------------------------------- --- --- 
OSQLN01                        DEPARTMENTS                                      
HR                             SELECT                                   NO  NO  
                                                                                
OSQLN01                        DEPARTMENTS                                      
HR                             UPDATE                                   NO  NO  
                                                                                

11 rows selected.

SQL> -- osqln01: revoke select on employees from scott;
SQL> select * from user_tab_privs_made;

GRANTEE                        TABLE_NAME                                       
------------------------------ ------------------------------                   
GRANTOR                        PRIVILEGE                                GRA HIE 
------------------------------ ---------------------------------------- --- --- 
OE                             COUNTRIES                                        
HR                             SELECT                                   NO  NO  
                                                                                
OE                             COUNTRIES                                        
HR                             REFERENCES                               NO  NO  
                                                                                
OE                             LOCATIONS                                        
HR                             SELECT                                   NO  NO  
                                                                                

GRANTEE                        TABLE_NAME                                       
------------------------------ ------------------------------                   
GRANTOR                        PRIVILEGE                                GRA HIE 
------------------------------ ---------------------------------------- --- --- 
OE                             LOCATIONS                                        
HR                             REFERENCES                               NO  NO  
                                                                                
OE                             DEPARTMENTS                                      
HR                             SELECT                                   NO  NO  
                                                                                
OE                             JOBS                                             
HR                             SELECT                                   NO  NO  
                                                                                

GRANTEE                        TABLE_NAME                                       
------------------------------ ------------------------------                   
GRANTOR                        PRIVILEGE                                GRA HIE 
------------------------------ ---------------------------------------- --- --- 
OE                             EMPLOYEES                                        
HR                             SELECT                                   NO  NO  
                                                                                
OE                             EMPLOYEES                                        
HR                             REFERENCES                               NO  NO  
                                                                                
OE                             JOB_HISTORY                                      
HR                             SELECT                                   NO  NO  
                                                                                

GRANTEE                        TABLE_NAME                                       
------------------------------ ------------------------------                   
GRANTOR                        PRIVILEGE                                GRA HIE 
------------------------------ ---------------------------------------- --- --- 
OSQLN01                        DEPARTMENTS                                      
HR                             SELECT                                   NO  NO  
                                                                                
OSQLN01                        DEPARTMENTS                                      
HR                             UPDATE                                   NO  NO  
                                                                                

11 rows selected.

SQL> select * from user_tab_privs_recd;

OWNER                          TABLE_NAME                                       
------------------------------ ------------------------------                   
GRANTOR                        PRIVILEGE                                GRA HIE 
------------------------------ ---------------------------------------- --- --- 
SYS                            DBMS_STATS                                       
SYS                            EXECUTE                                  NO  NO  
                                                                                
OSQLN01                        A1                                               
OSQLN01                        SELECT                                   NO  NO  
                                                                                
OSQLN01                        EMP_VU                                           
OSQLN01                        SELECT                                   NO  NO  
                                                                                

SQL> -- see that no employees table
SQL> -- WITH ADMIN OPTION
SQL> show user
USER is "HR"
SQL> ----------------
SQL> -- received b_role
SQL> -- grant select on osqln01.employees to b_role;
SQL> select * from osqln01.employees;
select * from osqln01.employees
                      *
ERROR at line 1:
ORA-01031: insufficient privileges 


SQL> select * from osqln01.employees;
select * from osqln01.employees
                      *
ERROR at line 1:
ORA-01031: insufficient privileges 


SQL> select * from role_sys_privs;

ROLE                           PRIVILEGE                                ADM     
------------------------------ ---------------------------------------- ---     
B_ROLE                         CREATE SEQUENCE                          NO      
RESOURCE                       CREATE SEQUENCE                          NO      
RESOURCE                       CREATE TRIGGER                           NO      
RESOURCE                       CREATE CLUSTER                           NO      
RESOURCE                       CREATE PROCEDURE                         NO      
RESOURCE                       CREATE TYPE                              NO      
B_ROLE                         CREATE VIEW                              NO      
RESOURCE                       CREATE OPERATOR                          NO      
RESOURCE                       CREATE TABLE                             NO      
RESOURCE                       CREATE INDEXTYPE                         NO      

10 rows selected.

SQL> select * from role_tab_privs;

ROLE                           OWNER                                            
------------------------------ ------------------------------                   
TABLE_NAME                     COLUMN_NAME                                      
------------------------------ ------------------------------                   
PRIVILEGE                                GRA                                    
---------------------------------------- ---                                    
B_ROLE                         OSQLN01                                          
EMPLOYEES                                                                       
SELECT                                   NO                                     
                                                                                

SQL> spool off
